
> vericamp@0.1.0 build
> next build

Γû▓ Next.js 16.1.6 (Turbopack)

  Creating an optimized production build ...
node.exe : Error: 
Cannot apply unknown 
utility class 
`border-border`. Are 
you using CSS 
modules or similar 
and missing 
`@reference`? https:/
/tailwindcss.com/docs
/functions-and-direct
ives#reference-direct
ive
At line:1 char:1
+ & "C:\APPS\NODE 
JS/node.exe" 
"C:\APPS\NODE JS/node
_modules/npm/bin/np 
...
+ ~~~~~~~~~~~~~~~~~~~
~~~~~~~~~~~~~~~~~~~~~
~~~~~~~~~~~~~~~~~~~~~
~~~~~~~~
    + CategoryInfo   
           : NotSpe  
  cified: (Error:    
 Cannot a...rence    
-directive:Strin    
g) [], RemoteExc    
eption
    + FullyQualified 
   ErrorId : Native  
  CommandError
 
    [2m[at 
onInvalidCandidate (C
:\Coding_TFS\Antigrav
ity\PET project\Outfi
t-recommender-main\Ou
tfit-recommender-main
\vericamp\node_module
s\tailwindcss\dist\li
b.js:21:1314)][0m
    [2m[at Te (C:\Co
ding_TFS\Antigravity\
PET project\Outfit-re
commender-main\Outfit
-recommender-main\ver
icamp\node_modules\ta
ilwindcss\dist\lib.js
:16:36652)][0m
    [2m[at C:\Coding
_TFS\Antigravity\PET 
project\Outfit-recomm
ender-main\Outfit-rec
ommender-main\vericam
p\node_modules\tailwi
ndcss\dist\lib.js:21:
355][0m
    [2m[at Rr (C:\Co
ding_TFS\Antigravity\
PET project\Outfit-re
commender-main\Outfit
-recommender-main\ver
icamp\node_modules\ta
ilwindcss\dist\lib.js
:3:1718)][0m
    [2m[at _ (C:\Cod
ing_TFS\Antigravity\P
ET project\Outfit-rec
ommender-main\Outfit-
recommender-main\veri
camp\node_modules\tai
lwindcss\dist\lib.js:
3:1377)][0m
    [2m[at $e (C:\Co
ding_TFS\Antigravity\
PET project\Outfit-re
commender-main\Outfit
-recommender-main\ver
icamp\node_modules\ta
ilwindcss\dist\lib.js
:21:172)][0m
    [2m[at un (C:\Co
ding_TFS\Antigravity\
PET project\Outfit-re
commender-main\Outfit
-recommender-main\ver
icamp\node_modules\ta
ilwindcss\dist\lib.js
:38:294)][0m
    [2m[at process.p
rocessTicksAndRejecti
ons (node:internal/pr
ocess/task_queues:103
:5)][0m
    [2m[at async cn 
(C:\Coding_TFS\Antigr
avity\PET project\Out
fit-recommender-main\
Outfit-recommender-ma
in\vericamp\node_modu
les\tailwindcss\dist\
lib.js:38:631)][0m
    [2m[at async Xr 
(C:\Coding_TFS\Antigr
avity\PET project\Out
fit-recommender-main\
Outfit-recommender-ma
in\vericamp\node_modu
les\@tailwindcss\node
\dist\index.js:10:341
7)][0m

> Build error 
occurred
Error: Turbopack 
build failed with 1 
errors:
./app/globals.css
Error evaluating 
Node.js code
CssSyntaxError: 
tailwindcss: C:\Codin
g_TFS\Antigravity\PET
 project\Outfit-recom
mender-main\Outfit-re
commender-main\verica
mp\app\globals.css:1:
1: Cannot apply 
unknown utility 
class 
`border-border`. Are 
you using CSS 
modules or similar 
and missing 
`@reference`? https:/
/tailwindcss.com/docs
/functions-and-direct
ives#reference-direct
ive
    at Input.error (n
ode_modules/postcss/l
ib/input.js:135:16) [
C:\Coding_TFS\Antigra
vity\PET project\Outf
it-recommender-main\O
utfit-recommender-mai
n\vericamp\.next\buil
d\chunks\node_modules
_fe693df6._.js:4651:2
2]
    at Root.error (no
de_modules/postcss/li
b/node.js:146:32) [C:
\Coding_TFS\Antigravi
ty\PET project\Outfit
-recommender-main\Out
fit-recommender-main\
vericamp\.next\build\
chunks\node_modules_f
e693df6._.js:928:38]
    [at Object.Once (
C:\Coding_TFS\Antigra
vity\PET project\Outf
it-recommender-main\O
utfit-recommender-mai
n\vericamp\node_modul
es\@tailwindcss\postc
ss\dist\index.js:10:6
911)]
    [at process.proce
ssTicksAndRejections 
(node:internal/proces
s/task_queues:103:5)]
    at async 
LazyResult.runAsync (
node_modules/postcss/
lib/lazy-result.js:29
3:11) [C:\Coding_TFS\
Antigravity\PET proje
ct\Outfit-recommender
-main\Outfit-recommen
der-main\vericamp\.ne
xt\build\chunks\node_
modules_fe693df6._.js
:6206:21]
    at async 
transform (turbopack:
///[turbopack-node]/t
ransforms/postcss.ts:
70:34) [C:\Coding_TFS
\Antigravity\PET proj
ect\Outfit-recommende
r-main\Outfit-recomme
nder-main\vericamp\.n
ext\build\chunks\[roo
t-of-the-server]__512
25daf._.js:146:36]
    at async run (tur
bopack:///[turbopack-
node]/ipc/evaluate.ts
:92:23) [C:\Coding_TF
S\Antigravity\PET pro
ject\Outfit-recommend
er-main\Outfit-recomm
ender-main\vericamp\.
next\build\chunks\[ro
ot-of-the-server]__97
4941ed._.js:443:31]

Import trace:
  Client Component 
Browser:
    
./app/globals.css 
[Client Component 
Browser]
    ./app/layout.tsx 
[Server Component]


    at async 
transform (turbopack:
///[turbopack-node]/t
ransforms/postcss.ts:
70:34) [C:\Coding_TFS
\Antigravity\PET proj
ect\Outfit-recommende
r-main\Outfit-recomme
nder-main\vericamp\.n
ext\build\chunks\[roo
t-of-the-server]__512
25daf._.js:146:36])
    at async run (tur
bopack:///[turbopack-
node]/ipc/evaluate.ts
:92:23) [C:\Coding_TF
S\Antigravity\PET pro
ject\Outfit-recommend
er-main\Outfit-recomm
ender-main\vericamp\.
next\build\chunks\[ro
ot-of-the-server]__97
4941ed._.js:443:31])
